2026-06-24 01:19:47 | fold2 | INFO: 
============================================================
2026-06-24 01:19:47 | fold2 | INFO: FOLD 2 | Model: audio
2026-06-24 01:19:47 | fold2 | INFO: ============================================================
2026-06-24 01:19:47 | fold2 | INFO:   Split sizes: train=3386 | val=1153 | test=1032
2026-06-24 01:19:47 | fold2 | INFO:   Class weights: [0.9327823519706726, 5.0, 0.6619746088981628, 0.6600390076637268, 1.1635738611221313]
2026-06-24 01:19:47 | fold2 | INFO:   Batches: train=212 | val=73 | test=65
2026-06-24 01:19:50 | fold2 | INFO:   Trainable params: 493,585 (0.52% of total)
2026-06-24 01:19:50 | fold2 | INFO: 
  Starting training for up to 30 epochs...
2026-06-24 01:32:53 | fold2 | INFO:   Batch 50/212 | loss=1.9796
2026-06-24 01:45:26 | fold2 | INFO:   Batch 100/212 | loss=1.5828
2026-06-24 01:57:46 | fold2 | INFO:   Batch 150/212 | loss=1.3587
2026-06-24 02:10:20 | fold2 | INFO:   Batch 200/212 | loss=1.4012
2026-06-24 02:19:22 | fold2 | INFO:   Epoch   1/30 (3571.9s) | train_loss=1.6358 | train_MacF1=0.3403 | [val] MacF1=0.4212 | WtF1=0.5222 | WA=54.21% | UA=43.63%
2026-06-24 02:19:22 | fold2 | INFO:   New best checkpoint saved. Val MacF1=0.4212
2026-06-24 02:32:20 | fold2 | INFO:   Batch 50/212 | loss=1.3363
2026-06-24 02:44:51 | fold2 | INFO:   Batch 100/212 | loss=1.3376
2026-06-24 02:57:21 | fold2 | INFO:   Batch 150/212 | loss=1.4381
2026-06-24 03:09:56 | fold2 | INFO:   Batch 200/212 | loss=1.7264
2026-06-24 03:18:53 | fold2 | INFO:   Epoch   2/30 (3570.5s) | train_loss=1.3767 | train_MacF1=0.4962 | [val] MacF1=0.4303 | WtF1=0.5337 | WA=57.33% | UA=46.65%
2026-06-24 03:18:53 | fold2 | INFO:   New best checkpoint saved. Val MacF1=0.4303
2026-06-24 03:31:50 | fold2 | INFO:   Batch 50/212 | loss=1.2468
2026-06-24 03:44:12 | fold2 | INFO:   Batch 100/212 | loss=1.2914
2026-06-24 03:56:38 | fold2 | INFO:   Batch 150/212 | loss=1.4021
2026-06-24 04:09:07 | fold2 | INFO:   Batch 200/212 | loss=1.2433
2026-06-24 04:19:09 | fold2 | INFO:   Epoch   3/30 (3615.7s) | train_loss=1.3359 | train_MacF1=0.5204 | [val] MacF1=0.4734 | WtF1=0.5868 | WA=60.45% | UA=48.61%
2026-06-24 04:19:10 | fold2 | INFO:   New best checkpoint saved. Val MacF1=0.4734
2026-06-24 04:32:13 | fold2 | INFO:   Batch 50/212 | loss=1.1396
2026-06-24 04:44:52 | fold2 | INFO:   Batch 100/212 | loss=1.4571
2026-06-24 04:57:22 | fold2 | INFO:   Batch 150/212 | loss=1.3904
2026-06-24 05:09:53 | fold2 | INFO:   Batch 200/212 | loss=1.3099
2026-06-24 05:18:49 | fold2 | INFO:   Epoch   4/30 (3579.3s) | train_loss=1.2927 | train_MacF1=0.5665 | [val] MacF1=0.4818 | WtF1=0.5983 | WA=60.88% | UA=49.42%
2026-06-24 05:18:50 | fold2 | INFO:   New best checkpoint saved. Val MacF1=0.4818
2026-06-24 05:31:53 | fold2 | INFO:   Batch 50/212 | loss=1.3315
2026-06-24 05:44:25 | fold2 | INFO:   Batch 100/212 | loss=1.2393
2026-06-24 05:56:59 | fold2 | INFO:   Batch 150/212 | loss=1.6599
2026-06-24 06:09:32 | fold2 | INFO:   Batch 200/212 | loss=1.0717
2026-06-24 06:18:31 | fold2 | INFO:   Epoch   5/30 (3581.4s) | train_loss=1.2595 | train_MacF1=0.5800 | [val] MacF1=0.4881 | WtF1=0.6064 | WA=61.84% | UA=49.81%
2026-06-24 06:18:32 | fold2 | INFO:   New best checkpoint saved. Val MacF1=0.4881
2026-06-24 06:31:34 | fold2 | INFO:   Batch 50/212 | loss=1.3514
2026-06-24 06:44:09 | fold2 | INFO:   Batch 100/212 | loss=1.2429
2026-06-24 06:56:36 | fold2 | INFO:   Batch 150/212 | loss=1.4671
2026-06-24 07:09:07 | fold2 | INFO:   Batch 200/212 | loss=1.0090
2026-06-24 07:18:05 | fold2 | INFO:   Epoch   6/30 (3573.4s) | train_loss=1.2426 | train_MacF1=0.5969 | [val] MacF1=0.4941 | WtF1=0.6129 | WA=62.79% | UA=50.64%
2026-06-24 07:18:06 | fold2 | INFO:   New best checkpoint saved. Val MacF1=0.4941
2026-06-24 07:31:10 | fold2 | INFO:   Batch 50/212 | loss=0.9366
2026-06-24 07:43:45 | fold2 | INFO:   Batch 100/212 | loss=1.4107
2026-06-24 07:56:16 | fold2 | INFO:   Batch 150/212 | loss=0.9536
2026-06-24 08:08:36 | fold2 | INFO:   Batch 200/212 | loss=1.2894
2026-06-24 08:17:35 | fold2 | INFO:   Epoch   7/30 (3569.0s) | train_loss=1.2153 | train_MacF1=0.5964 | [val] MacF1=0.4693 | WtF1=0.5803 | WA=60.45% | UA=48.95%
2026-06-24 08:17:35 | fold2 | INFO:   No improvement. Patience: 1/5
2026-06-24 08:30:37 | fold2 | INFO:   Batch 50/212 | loss=1.1639
2026-06-24 08:43:03 | fold2 | INFO:   Batch 100/212 | loss=1.0487
2026-06-24 08:55:26 | fold2 | INFO:   Batch 150/212 | loss=1.6126
2026-06-24 09:07:57 | fold2 | INFO:   Batch 200/212 | loss=1.1741
2026-06-24 09:16:58 | fold2 | INFO:   Epoch   8/30 (3563.5s) | train_loss=1.1947 | train_MacF1=0.6096 | [val] MacF1=0.4800 | WtF1=0.5944 | WA=60.97% | UA=48.97%
2026-06-24 09:16:58 | fold2 | INFO:   No improvement. Patience: 2/5
2026-06-24 09:30:06 | fold2 | INFO:   Batch 50/212 | loss=1.2332
2026-06-24 09:42:38 | fold2 | INFO:   Batch 100/212 | loss=1.3754
2026-06-24 09:55:12 | fold2 | INFO:   Batch 150/212 | loss=1.0312
2026-06-24 10:07:48 | fold2 | INFO:   Batch 200/212 | loss=1.0850
2026-06-24 10:16:48 | fold2 | INFO:   Epoch   9/30 (3589.5s) | train_loss=1.1910 | train_MacF1=0.6243 | [val] MacF1=0.4437 | WtF1=0.5437 | WA=57.33% | UA=46.76%
2026-06-24 10:16:48 | fold2 | INFO:   No improvement. Patience: 3/5
2026-06-24 10:29:49 | fold2 | INFO:   Batch 50/212 | loss=1.2226
2026-06-24 10:42:13 | fold2 | INFO:   Batch 100/212 | loss=1.1813
2026-06-24 10:54:40 | fold2 | INFO:   Batch 150/212 | loss=1.0252
2026-06-24 11:07:21 | fold2 | INFO:   Batch 200/212 | loss=1.0698
2026-06-24 11:16:21 | fold2 | INFO:   Epoch  10/30 (3573.5s) | train_loss=1.1770 | train_MacF1=0.6463 | [val] MacF1=0.5103 | WtF1=0.6324 | WA=64.01% | UA=51.53%
2026-06-24 11:16:22 | fold2 | INFO:   New best checkpoint saved. Val MacF1=0.5103
2026-06-24 11:29:27 | fold2 | INFO:   Batch 50/212 | loss=1.0067
2026-06-24 11:41:53 | fold2 | INFO:   Batch 100/212 | loss=0.9375
2026-06-24 11:54:21 | fold2 | INFO:   Batch 150/212 | loss=1.1794
2026-06-24 12:06:48 | fold2 | INFO:   Batch 200/212 | loss=1.1222
2026-06-24 12:15:48 | fold2 | INFO:   Epoch  11/30 (3566.2s) | train_loss=1.1594 | train_MacF1=0.6480 | [val] MacF1=0.4882 | WtF1=0.6054 | WA=62.01% | UA=50.44%
2026-06-24 12:15:48 | fold2 | INFO:   No improvement. Patience: 1/5
2026-06-24 12:28:51 | fold2 | INFO:   Batch 50/212 | loss=1.1181
2026-06-24 12:41:27 | fold2 | INFO:   Batch 100/212 | loss=1.2844
2026-06-24 12:54:05 | fold2 | INFO:   Batch 150/212 | loss=1.0696
2026-06-24 13:06:32 | fold2 | INFO:   Batch 200/212 | loss=1.1933
2026-06-24 13:15:43 | fold2 | INFO:   Epoch  12/30 (3594.8s) | train_loss=1.1420 | train_MacF1=0.6657 | [val] MacF1=0.5332 | WtF1=0.6006 | WA=60.88% | UA=59.17%
2026-06-24 13:15:43 | fold2 | INFO:   New best checkpoint saved. Val MacF1=0.5332
2026-06-24 13:28:44 | fold2 | INFO:   Batch 50/212 | loss=1.0657
2026-06-24 13:41:05 | fold2 | INFO:   Batch 100/212 | loss=1.1099
2026-06-24 13:53:22 | fold2 | INFO:   Batch 150/212 | loss=1.0230
2026-06-24 14:05:45 | fold2 | INFO:   Batch 200/212 | loss=0.9988
2026-06-24 14:14:36 | fold2 | INFO:   Epoch  13/30 (3532.8s) | train_loss=1.1304 | train_MacF1=0.6634 | [val] MacF1=0.4633 | WtF1=0.5700 | WA=59.15% | UA=48.30%
2026-06-24 14:14:36 | fold2 | INFO:   No improvement. Patience: 1/5
2026-06-24 14:27:27 | fold2 | INFO:   Batch 50/212 | loss=1.3832
2026-06-24 14:39:48 | fold2 | INFO:   Batch 100/212 | loss=1.1848
2026-06-24 14:52:03 | fold2 | INFO:   Batch 150/212 | loss=1.2003
2026-06-24 15:04:24 | fold2 | INFO:   Batch 200/212 | loss=1.0481
2026-06-24 15:14:25 | fold2 | INFO:   Epoch  14/30 (3588.4s) | train_loss=1.1149 | train_MacF1=0.6899 | [val] MacF1=0.5157 | WtF1=0.5990 | WA=61.84% | UA=60.04%
2026-06-24 15:14:25 | fold2 | INFO:   No improvement. Patience: 2/5
2026-06-24 15:27:16 | fold2 | INFO:   Batch 50/212 | loss=1.3138
2026-06-24 15:39:27 | fold2 | INFO:   Batch 100/212 | loss=1.1134
2026-06-24 15:51:43 | fold2 | INFO:   Batch 150/212 | loss=1.3861
2026-06-24 16:04:00 | fold2 | INFO:   Batch 200/212 | loss=0.8572
2026-06-24 16:12:52 | fold2 | INFO:   Epoch  15/30 (3507.5s) | train_loss=1.1095 | train_MacF1=0.6808 | [val] MacF1=0.5405 | WtF1=0.6198 | WA=63.23% | UA=61.07%
2026-06-24 16:12:53 | fold2 | INFO:   New best checkpoint saved. Val MacF1=0.5405
2026-06-24 16:25:48 | fold2 | INFO:   Batch 50/212 | loss=1.0618
2026-06-24 16:38:12 | fold2 | INFO:   Batch 100/212 | loss=1.0404
2026-06-24 16:50:31 | fold2 | INFO:   Batch 150/212 | loss=1.0924
2026-06-24 17:02:36 | fold2 | INFO:   Batch 200/212 | loss=1.2596
2026-06-24 17:11:26 | fold2 | INFO:   Epoch  16/30 (3512.9s) | train_loss=1.1015 | train_MacF1=0.6999 | [val] MacF1=0.4620 | WtF1=0.5710 | WA=59.41% | UA=48.46%
2026-06-24 17:11:26 | fold2 | INFO:   No improvement. Patience: 1/5
2026-06-24 17:24:17 | fold2 | INFO:   Batch 50/212 | loss=0.8997
2026-06-24 17:36:34 | fold2 | INFO:   Batch 100/212 | loss=1.1018
2026-06-24 17:48:50 | fold2 | INFO:   Batch 150/212 | loss=1.1914
2026-06-24 18:01:03 | fold2 | INFO:   Batch 200/212 | loss=0.9852
2026-06-24 18:09:50 | fold2 | INFO:   Epoch  17/30 (3504.9s) | train_loss=1.0814 | train_MacF1=0.7043 | [val] MacF1=0.5407 | WtF1=0.6224 | WA=63.23% | UA=61.30%
2026-06-24 18:09:51 | fold2 | INFO:   New best checkpoint saved. Val MacF1=0.5407
2026-06-24 18:22:47 | fold2 | INFO:   Batch 50/212 | loss=1.3233
2026-06-24 18:35:03 | fold2 | INFO:   Batch 100/212 | loss=1.1554
2026-06-24 18:47:22 | fold2 | INFO:   Batch 150/212 | loss=0.9432
2026-06-24 18:59:30 | fold2 | INFO:   Batch 200/212 | loss=1.2120
2026-06-24 19:08:18 | fold2 | INFO:   Epoch  18/30 (3507.0s) | train_loss=1.0871 | train_MacF1=0.7185 | [val] MacF1=0.5484 | WtF1=0.6496 | WA=65.57% | UA=63.07%
2026-06-24 19:08:19 | fold2 | INFO:   New best checkpoint saved. Val MacF1=0.5484
2026-06-24 19:21:17 | fold2 | INFO:   Batch 50/212 | loss=1.1571
2026-06-24 19:33:49 | fold2 | INFO:   Batch 100/212 | loss=0.8672
2026-06-24 19:46:10 | fold2 | INFO:   Batch 150/212 | loss=0.9544
2026-06-24 19:58:34 | fold2 | INFO:   Batch 200/212 | loss=0.8489
2026-06-24 20:07:26 | fold2 | INFO:   Epoch  19/30 (3547.1s) | train_loss=1.0691 | train_MacF1=0.7175 | [val] MacF1=0.5528 | WtF1=0.6483 | WA=65.39% | UA=62.61%
2026-06-24 20:07:26 | fold2 | INFO:   New best checkpoint saved. Val MacF1=0.5528
2026-06-24 20:20:18 | fold2 | INFO:   Batch 50/212 | loss=1.4630
2026-06-24 20:32:35 | fold2 | INFO:   Batch 100/212 | loss=0.9178
2026-06-24 20:44:43 | fold2 | INFO:   Batch 150/212 | loss=0.8692
2026-06-24 20:57:01 | fold2 | INFO:   Batch 200/212 | loss=1.1218
2026-06-24 21:05:47 | fold2 | INFO:   Epoch  20/30 (3500.7s) | train_loss=1.0592 | train_MacF1=0.7424 | [val] MacF1=0.5527 | WtF1=0.6252 | WA=63.14% | UA=61.30%
2026-06-24 21:05:47 | fold2 | INFO:   No improvement. Patience: 1/5
2026-06-24 21:18:45 | fold2 | INFO:   Batch 50/212 | loss=1.0224
2026-06-24 21:30:59 | fold2 | INFO:   Batch 100/212 | loss=0.9598
2026-06-24 21:43:18 | fold2 | INFO:   Batch 150/212 | loss=0.9428
2026-06-24 21:55:42 | fold2 | INFO:   Batch 200/212 | loss=1.1348
2026-06-24 22:04:32 | fold2 | INFO:   Epoch  21/30 (3524.6s) | train_loss=1.0488 | train_MacF1=0.7339 | [val] MacF1=0.5385 | WtF1=0.6372 | WA=64.09% | UA=62.02%
2026-06-24 22:04:32 | fold2 | INFO:   No improvement. Patience: 2/5
2026-06-24 22:17:20 | fold2 | INFO:   Batch 50/212 | loss=1.2119
2026-06-24 22:29:38 | fold2 | INFO:   Batch 100/212 | loss=1.0729
2026-06-24 22:41:56 | fold2 | INFO:   Batch 150/212 | loss=0.8773
2026-06-24 22:54:21 | fold2 | INFO:   Batch 200/212 | loss=0.9814
2026-06-24 23:04:14 | fold2 | INFO:   Epoch  22/30 (3582.3s) | train_loss=1.0555 | train_MacF1=0.6988 | [val] MacF1=0.5756 | WtF1=0.6485 | WA=65.39% | UA=72.64%
2026-06-24 23:04:15 | fold2 | INFO:   New best checkpoint saved. Val MacF1=0.5756
2026-06-24 23:17:00 | fold2 | INFO:   Batch 50/212 | loss=1.0036
2026-06-24 23:29:23 | fold2 | INFO:   Batch 100/212 | loss=0.9663
2026-06-24 23:41:41 | fold2 | INFO:   Batch 150/212 | loss=1.0449
2026-06-24 23:54:02 | fold2 | INFO:   Batch 200/212 | loss=0.9645
2026-06-25 00:02:50 | fold2 | INFO:   Epoch  23/30 (3515.6s) | train_loss=1.0401 | train_MacF1=0.7344 | [val] MacF1=0.5784 | WtF1=0.6480 | WA=65.48% | UA=62.87%
2026-06-25 00:02:51 | fold2 | INFO:   New best checkpoint saved. Val MacF1=0.5784
2026-06-25 00:15:33 | fold2 | INFO:   Batch 50/212 | loss=1.0444
2026-06-25 00:27:53 | fold2 | INFO:   Batch 100/212 | loss=1.2681
2026-06-25 00:40:16 | fold2 | INFO:   Batch 150/212 | loss=0.7482
2026-06-25 00:52:40 | fold2 | INFO:   Batch 200/212 | loss=1.2232
2026-06-25 01:01:27 | fold2 | INFO:   Epoch  24/30 (3516.2s) | train_loss=1.0290 | train_MacF1=0.7503 | [val] MacF1=0.5238 | WtF1=0.6250 | WA=63.05% | UA=61.25%
2026-06-25 01:01:27 | fold2 | INFO:   No improvement. Patience: 1/5
2026-06-25 01:14:13 | fold2 | INFO:   Batch 50/212 | loss=1.0984
2026-06-25 01:26:34 | fold2 | INFO:   Batch 100/212 | loss=1.1378
2026-06-25 01:38:52 | fold2 | INFO:   Batch 150/212 | loss=1.2979
2026-06-25 01:51:14 | fold2 | INFO:   Batch 200/212 | loss=0.8453
2026-06-25 02:00:06 | fold2 | INFO:   Epoch  25/30 (3519.3s) | train_loss=1.0293 | train_MacF1=0.7385 | [val] MacF1=0.5376 | WtF1=0.6184 | WA=62.45% | UA=60.81%
2026-06-25 02:00:06 | fold2 | INFO:   No improvement. Patience: 2/5
2026-06-25 02:13:03 | fold2 | INFO:   Batch 50/212 | loss=1.0551
2026-06-25 02:25:17 | fold2 | INFO:   Batch 100/212 | loss=1.2481
2026-06-25 02:37:40 | fold2 | INFO:   Batch 150/212 | loss=1.0715
2026-06-25 02:49:56 | fold2 | INFO:   Batch 200/212 | loss=1.1761
2026-06-25 02:58:45 | fold2 | INFO:   Epoch  26/30 (3518.6s) | train_loss=1.0156 | train_MacF1=0.7764 | [val] MacF1=0.5348 | WtF1=0.6292 | WA=63.40% | UA=61.44%
2026-06-25 02:58:45 | fold2 | INFO:   No improvement. Patience: 3/5
2026-06-25 03:11:30 | fold2 | INFO:   Batch 50/212 | loss=1.0729
2026-06-25 03:23:47 | fold2 | INFO:   Batch 100/212 | loss=1.3340
2026-06-25 03:36:05 | fold2 | INFO:   Batch 150/212 | loss=0.9505
2026-06-25 03:48:24 | fold2 | INFO:   Batch 200/212 | loss=0.9784
2026-06-25 03:57:16 | fold2 | INFO:   Epoch  27/30 (3511.5s) | train_loss=1.0133 | train_MacF1=0.7523 | [val] MacF1=0.5372 | WtF1=0.6449 | WA=64.53% | UA=62.27%
2026-06-25 03:57:16 | fold2 | INFO:   No improvement. Patience: 4/5
2026-06-25 04:09:59 | fold2 | INFO:   Batch 50/212 | loss=0.9403
2026-06-25 04:22:21 | fold2 | INFO:   Batch 100/212 | loss=1.1569
2026-06-25 04:36:29 | fold2 | INFO:   Batch 150/212 | loss=0.8858
2026-06-25 04:51:14 | fold2 | INFO:   Batch 200/212 | loss=0.8433
2026-06-25 05:01:51 | fold2 | INFO:   Epoch  28/30 (3874.9s) | train_loss=1.0098 | train_MacF1=0.7712 | [val] MacF1=0.5270 | WtF1=0.6301 | WA=63.57% | UA=61.77%
2026-06-25 05:01:51 | fold2 | INFO:   No improvement. Patience: 5/5
2026-06-25 05:01:51 | fold2 | INFO:   Early stopping triggered at epoch 28.
2026-06-25 05:01:51 | fold2 | INFO: 
  Best validation MacF1: 0.5784 at epoch 23
2026-06-25 05:01:51 | fold2 | INFO:   Loading best checkpoint from: ./checkpoints\audio\fold2_best.pt
2026-06-25 05:08:20 | fold2 | INFO: 
  TEST RESULTS: [test] MacF1=0.5665 | WtF1=0.6871 | WA=68.80% | UA=58.46%
2026-06-25 05:08:20 | fold2 | INFO: 
              precision    recall  f1-score   support

       anger       0.67      0.86      0.75       137
        fear       0.00      0.00      0.00         9
         joy       0.70      0.72      0.71       327
     neutral       0.72      0.56      0.63       362
     sadness       0.70      0.78      0.74       197

    accuracy                           0.69      1032
   macro avg       0.56      0.58      0.57      1032
weighted avg       0.70      0.69      0.69      1032

2026-06-25 05:08:20 | fold2 | INFO:   Results saved to: ./outputs\audio
2026-07-02 13:37:18 | fold2 | INFO: 
============================================================
2026-07-02 13:37:18 | fold2 | INFO: FOLD 2 | Model: audio
2026-07-02 13:37:18 | fold2 | INFO: ============================================================
2026-07-02 13:37:18 | fold2 | INFO:   Split sizes: train=3386 | val=1153 | test=1032
2026-07-02 13:37:18 | fold2 | INFO:   Class weights: [0.9327823519706726, 5.0, 0.6619746088981628, 0.6600390076637268, 1.1635738611221313]
2026-07-02 13:37:18 | fold2 | INFO:   Batches: train=212 | val=73 | test=65
2026-07-02 13:37:20 | fold2 | INFO:   Trainable params: 493,585 (0.52% of total)
2026-07-02 13:37:20 | fold2 | INFO:   AMP: enabled
2026-07-02 13:37:20 | fold2 | INFO: 
  Starting training for up to 30 epochs...
2026-07-02 13:37:49 | fold2 | INFO:   Batch 50/212 | loss=1.8430 | data=10.5s  fwd=7.8s  bwd=10.9s
2026-07-02 13:38:08 | fold2 | INFO:   Batch 100/212 | loss=1.6914 | data=10.5s  fwd=15.2s  bwd=21.9s
2026-07-02 13:38:26 | fold2 | INFO:   Batch 150/212 | loss=1.3047 | data=10.6s  fwd=22.5s  bwd=32.7s
2026-07-02 13:38:44 | fold2 | INFO:   Batch 200/212 | loss=1.4290 | data=10.6s  fwd=30.0s  bwd=43.7s
2026-07-02 13:39:10 | fold2 | INFO:   Epoch   1/30 | total=110s | data=11s  fwd=32s  bwd=46s  val=21s || train_loss=1.6259  train_MacF1=0.3481 | [val] MacF1=0.4216 | WtF1=0.5219 | WA=54.47% | UA=44.05%
2026-07-02 13:39:10 | fold2 | INFO:   New best checkpoint saved. Val MacF1=0.4216
2026-07-02 13:39:29 | fold2 | INFO:   Batch 50/212 | loss=1.2067 | data=0.0s  fwd=7.4s  bwd=10.9s
2026-07-02 13:39:47 | fold2 | INFO:   Batch 100/212 | loss=1.3651 | data=0.0s  fwd=14.8s  bwd=21.8s
2026-07-02 13:40:05 | fold2 | INFO:   Batch 150/212 | loss=1.5002 | data=0.1s  fwd=22.2s  bwd=32.7s
2026-07-02 13:40:24 | fold2 | INFO:   Batch 200/212 | loss=1.4176 | data=0.1s  fwd=29.6s  bwd=43.7s
2026-07-02 13:40:39 | fold2 | INFO:   Epoch   2/30 | total=89s | data=0s  fwd=31s  bwd=46s  val=11s || train_loss=1.3777  train_MacF1=0.4880 | [val] MacF1=0.4746 | WtF1=0.5883 | WA=59.84% | UA=48.49%
2026-07-02 13:40:39 | fold2 | INFO:   New best checkpoint saved. Val MacF1=0.4746
2026-07-02 13:40:57 | fold2 | INFO:   Batch 50/212 | loss=1.3927 | data=0.0s  fwd=7.4s  bwd=10.9s
2026-07-02 13:41:16 | fold2 | INFO:   Batch 100/212 | loss=1.1345 | data=0.1s  fwd=14.7s  bwd=21.7s
2026-07-02 13:41:34 | fold2 | INFO:   Batch 150/212 | loss=1.0306 | data=0.1s  fwd=22.1s  bwd=32.6s
2026-07-02 13:41:52 | fold2 | INFO:   Batch 200/212 | loss=1.1664 | data=0.1s  fwd=29.5s  bwd=43.5s
2026-07-02 13:42:07 | fold2 | INFO:   Epoch   3/30 | total=88s | data=0s  fwd=31s  bwd=46s  val=11s || train_loss=1.3385  train_MacF1=0.5150 | [val] MacF1=0.4455 | WtF1=0.5469 | WA=57.24% | UA=46.51%
2026-07-02 13:42:07 | fold2 | INFO:   No improvement. Patience: 1/5
2026-07-02 13:42:26 | fold2 | INFO:   Batch 50/212 | loss=1.6506 | data=0.1s  fwd=7.4s  bwd=11.0s
2026-07-02 13:42:44 | fold2 | INFO:   Batch 100/212 | loss=1.1894 | data=0.1s  fwd=14.9s  bwd=22.0s
2026-07-02 13:43:03 | fold2 | INFO:   Batch 150/212 | loss=1.4170 | data=0.1s  fwd=22.3s  bwd=32.9s
2026-07-02 13:43:21 | fold2 | INFO:   Batch 200/212 | loss=1.6510 | data=0.1s  fwd=29.7s  bwd=43.8s
2026-07-02 13:43:36 | fold2 | INFO:   Epoch   4/30 | total=89s | data=0s  fwd=31s  bwd=46s  val=11s || train_loss=1.2804  train_MacF1=0.5533 | [val] MacF1=0.5120 | WtF1=0.6226 | WA=62.45% | UA=60.33%
2026-07-02 13:43:37 | fold2 | INFO:   New best checkpoint saved. Val MacF1=0.5120
2026-07-02 13:43:55 | fold2 | INFO:   Batch 50/212 | loss=1.2595 | data=0.1s  fwd=7.4s  bwd=10.9s
2026-07-02 13:44:13 | fold2 | INFO:   Batch 100/212 | loss=1.2220 | data=0.1s  fwd=14.8s  bwd=21.9s
2026-07-02 13:44:32 | fold2 | INFO:   Batch 150/212 | loss=1.1578 | data=0.1s  fwd=22.3s  bwd=32.8s
2026-07-02 13:44:50 | fold2 | INFO:   Batch 200/212 | loss=1.3848 | data=0.1s  fwd=29.7s  bwd=43.8s
2026-07-02 13:45:05 | fold2 | INFO:   Epoch   5/30 | total=89s | data=0s  fwd=31s  bwd=46s  val=11s || train_loss=1.2507  train_MacF1=0.5674 | [val] MacF1=0.4457 | WtF1=0.5484 | WA=58.20% | UA=47.89%
2026-07-02 13:45:05 | fold2 | INFO:   No improvement. Patience: 1/5
2026-07-02 13:45:24 | fold2 | INFO:   Batch 50/212 | loss=1.4069 | data=0.0s  fwd=7.4s  bwd=10.9s
2026-07-02 13:45:42 | fold2 | INFO:   Batch 100/212 | loss=1.3564 | data=0.1s  fwd=14.9s  bwd=22.0s
2026-07-02 13:46:01 | fold2 | INFO:   Batch 150/212 | loss=1.4656 | data=0.1s  fwd=22.3s  bwd=32.9s
2026-07-02 13:46:19 | fold2 | INFO:   Batch 200/212 | loss=1.1559 | data=0.1s  fwd=29.7s  bwd=43.8s
2026-07-02 13:46:34 | fold2 | INFO:   Epoch   6/30 | total=89s | data=0s  fwd=31s  bwd=46s  val=11s || train_loss=1.2346  train_MacF1=0.5902 | [val] MacF1=0.5158 | WtF1=0.5973 | WA=61.32% | UA=59.72%
2026-07-02 13:46:35 | fold2 | INFO:   New best checkpoint saved. Val MacF1=0.5158
2026-07-02 13:46:53 | fold2 | INFO:   Batch 50/212 | loss=1.4355 | data=0.0s  fwd=7.4s  bwd=11.0s
2026-07-02 13:47:11 | fold2 | INFO:   Batch 100/212 | loss=1.0507 | data=0.1s  fwd=14.9s  bwd=21.9s
2026-07-02 13:47:30 | fold2 | INFO:   Batch 150/212 | loss=1.3558 | data=0.1s  fwd=22.3s  bwd=32.9s
2026-07-02 13:47:48 | fold2 | INFO:   Batch 200/212 | loss=1.2790 | data=0.1s  fwd=29.6s  bwd=43.7s
2026-07-02 13:48:03 | fold2 | INFO:   Epoch   7/30 | total=89s | data=0s  fwd=31s  bwd=46s  val=11s || train_loss=1.2001  train_MacF1=0.6208 | [val] MacF1=0.4807 | WtF1=0.5964 | WA=61.41% | UA=50.00%
2026-07-02 13:48:03 | fold2 | INFO:   No improvement. Patience: 1/5
2026-07-02 13:48:22 | fold2 | INFO:   Batch 50/212 | loss=1.0721 | data=0.0s  fwd=7.4s  bwd=11.0s
2026-07-02 13:48:40 | fold2 | INFO:   Batch 100/212 | loss=1.2939 | data=0.1s  fwd=14.8s  bwd=21.9s
2026-07-02 13:48:58 | fold2 | INFO:   Batch 150/212 | loss=1.3639 | data=0.1s  fwd=22.1s  bwd=32.7s
2026-07-02 13:49:16 | fold2 | INFO:   Batch 200/212 | loss=1.1154 | data=0.1s  fwd=29.6s  bwd=43.6s
2026-07-02 13:49:32 | fold2 | INFO:   Epoch   8/30 | total=89s | data=0s  fwd=31s  bwd=46s  val=11s || train_loss=1.1878  train_MacF1=0.6525 | [val] MacF1=0.5235 | WtF1=0.6214 | WA=63.14% | UA=61.12%
2026-07-02 13:49:32 | fold2 | INFO:   New best checkpoint saved. Val MacF1=0.5235
2026-07-02 13:49:50 | fold2 | INFO:   Batch 50/212 | loss=1.3027 | data=0.0s  fwd=7.4s  bwd=11.0s
2026-07-02 13:50:09 | fold2 | INFO:   Batch 100/212 | loss=1.1998 | data=0.0s  fwd=14.9s  bwd=22.0s
2026-07-02 13:50:27 | fold2 | INFO:   Batch 150/212 | loss=1.3163 | data=0.1s  fwd=22.4s  bwd=33.0s
2026-07-02 13:50:46 | fold2 | INFO:   Batch 200/212 | loss=1.1304 | data=0.1s  fwd=29.8s  bwd=44.0s
2026-07-02 13:51:01 | fold2 | INFO:   Epoch   9/30 | total=89s | data=0s  fwd=32s  bwd=47s  val=11s || train_loss=1.1749  train_MacF1=0.6499 | [val] MacF1=0.5546 | WtF1=0.6181 | WA=63.23% | UA=61.24%
2026-07-02 13:51:01 | fold2 | INFO:   New best checkpoint saved. Val MacF1=0.5546
2026-07-02 13:51:20 | fold2 | INFO:   Batch 50/212 | loss=1.0802 | data=0.1s  fwd=7.4s  bwd=10.9s
2026-07-02 13:51:38 | fold2 | INFO:   Batch 100/212 | loss=1.3935 | data=0.1s  fwd=14.8s  bwd=21.8s
2026-07-02 13:51:56 | fold2 | INFO:   Batch 150/212 | loss=1.2150 | data=0.1s  fwd=22.1s  bwd=32.6s
2026-07-02 13:52:15 | fold2 | INFO:   Batch 200/212 | loss=1.0109 | data=0.1s  fwd=29.6s  bwd=43.7s
2026-07-02 13:52:30 | fold2 | INFO:   Epoch  10/30 | total=89s | data=0s  fwd=31s  bwd=46s  val=11s || train_loss=1.1571  train_MacF1=0.6649 | [val] MacF1=0.4819 | WtF1=0.5747 | WA=57.94% | UA=57.45%
2026-07-02 13:52:30 | fold2 | INFO:   No improvement. Patience: 1/5
2026-07-02 13:52:48 | fold2 | INFO:   Batch 50/212 | loss=0.9709 | data=0.0s  fwd=7.4s  bwd=10.9s
2026-07-02 13:53:07 | fold2 | INFO:   Batch 100/212 | loss=1.0043 | data=0.1s  fwd=14.8s  bwd=21.8s
2026-07-02 13:53:25 | fold2 | INFO:   Batch 150/212 | loss=1.0547 | data=0.1s  fwd=22.2s  bwd=32.7s
2026-07-02 13:53:43 | fold2 | INFO:   Batch 200/212 | loss=1.3133 | data=0.1s  fwd=29.6s  bwd=43.6s
2026-07-02 13:53:58 | fold2 | INFO:   Epoch  11/30 | total=88s | data=0s  fwd=31s  bwd=46s  val=11s || train_loss=1.1482  train_MacF1=0.6453 | [val] MacF1=0.5329 | WtF1=0.5620 | WA=58.63% | UA=58.12%
2026-07-02 13:53:58 | fold2 | INFO:   No improvement. Patience: 2/5
2026-07-02 13:54:17 | fold2 | INFO:   Batch 50/212 | loss=1.1767 | data=0.1s  fwd=7.4s  bwd=10.9s
2026-07-02 13:54:35 | fold2 | INFO:   Batch 100/212 | loss=1.2183 | data=0.1s  fwd=14.8s  bwd=21.9s
2026-07-02 13:54:54 | fold2 | INFO:   Batch 150/212 | loss=1.0626 | data=0.1s  fwd=22.3s  bwd=32.9s
2026-07-02 13:55:12 | fold2 | INFO:   Batch 200/212 | loss=1.2442 | data=0.1s  fwd=29.6s  bwd=43.7s
2026-07-02 13:55:27 | fold2 | INFO:   Epoch  12/30 | total=89s | data=0s  fwd=31s  bwd=46s  val=11s || train_loss=1.1315  train_MacF1=0.6898 | [val] MacF1=0.5800 | WtF1=0.6382 | WA=64.18% | UA=61.90%
2026-07-02 13:55:27 | fold2 | INFO:   New best checkpoint saved. Val MacF1=0.5800
2026-07-02 13:55:46 | fold2 | INFO:   Batch 50/212 | loss=1.2018 | data=0.1s  fwd=7.5s  bwd=11.0s
2026-07-02 13:56:04 | fold2 | INFO:   Batch 100/212 | loss=1.0067 | data=0.1s  fwd=14.9s  bwd=22.0s
2026-07-02 13:56:23 | fold2 | INFO:   Batch 150/212 | loss=1.1708 | data=0.1s  fwd=22.3s  bwd=32.8s
2026-07-02 13:56:41 | fold2 | INFO:   Batch 200/212 | loss=1.1649 | data=0.1s  fwd=29.7s  bwd=43.8s
2026-07-02 13:56:56 | fold2 | INFO:   Epoch  13/30 | total=89s | data=0s  fwd=31s  bwd=46s  val=11s || train_loss=1.0990  train_MacF1=0.6890 | [val] MacF1=0.5652 | WtF1=0.6314 | WA=63.83% | UA=61.80%
2026-07-02 13:56:56 | fold2 | INFO:   No improvement. Patience: 1/5
2026-07-02 13:57:15 | fold2 | INFO:   Batch 50/212 | loss=1.2154 | data=0.0s  fwd=7.4s  bwd=11.0s
2026-07-02 13:57:33 | fold2 | INFO:   Batch 100/212 | loss=1.0392 | data=0.1s  fwd=14.9s  bwd=21.9s
2026-07-02 13:57:51 | fold2 | INFO:   Batch 150/212 | loss=0.9782 | data=0.1s  fwd=22.2s  bwd=32.8s
2026-07-02 13:58:10 | fold2 | INFO:   Batch 200/212 | loss=1.0360 | data=0.1s  fwd=29.7s  bwd=43.7s
2026-07-02 13:58:25 | fold2 | INFO:   Epoch  14/30 | total=89s | data=0s  fwd=31s  bwd=46s  val=11s || train_loss=1.0997  train_MacF1=0.7142 | [val] MacF1=0.5781 | WtF1=0.6194 | WA=62.79% | UA=60.97%
2026-07-02 13:58:25 | fold2 | INFO:   No improvement. Patience: 2/5
2026-07-02 13:58:43 | fold2 | INFO:   Batch 50/212 | loss=0.9598 | data=0.0s  fwd=7.4s  bwd=10.9s
2026-07-02 13:59:01 | fold2 | INFO:   Batch 100/212 | loss=0.9207 | data=0.1s  fwd=14.7s  bwd=21.7s
2026-07-02 13:59:20 | fold2 | INFO:   Batch 150/212 | loss=1.0144 | data=0.1s  fwd=22.1s  bwd=32.6s
2026-07-02 13:59:38 | fold2 | INFO:   Batch 200/212 | loss=0.7844 | data=0.1s  fwd=29.5s  bwd=43.5s
2026-07-02 13:59:53 | fold2 | INFO:   Epoch  15/30 | total=88s | data=0s  fwd=31s  bwd=46s  val=11s || train_loss=1.0940  train_MacF1=0.7074 | [val] MacF1=0.5771 | WtF1=0.6347 | WA=64.09% | UA=61.89%
2026-07-02 13:59:53 | fold2 | INFO:   No improvement. Patience: 3/5
2026-07-02 14:00:12 | fold2 | INFO:   Batch 50/212 | loss=1.1824 | data=0.0s  fwd=7.4s  bwd=11.0s
2026-07-02 14:00:30 | fold2 | INFO:   Batch 100/212 | loss=1.1035 | data=0.1s  fwd=14.9s  bwd=22.0s
2026-07-02 14:00:48 | fold2 | INFO:   Batch 150/212 | loss=1.2249 | data=0.1s  fwd=22.3s  bwd=32.9s
2026-07-02 14:01:07 | fold2 | INFO:   Batch 200/212 | loss=0.9918 | data=0.1s  fwd=29.6s  bwd=43.7s
2026-07-02 14:01:22 | fold2 | INFO:   Epoch  16/30 | total=88s | data=0s  fwd=31s  bwd=46s  val=11s || train_loss=1.0692  train_MacF1=0.7243 | [val] MacF1=0.5100 | WtF1=0.6029 | WA=61.41% | UA=59.98%
2026-07-02 14:01:22 | fold2 | INFO:   No improvement. Patience: 4/5
2026-07-02 14:01:40 | fold2 | INFO:   Batch 50/212 | loss=1.2900 | data=0.0s  fwd=7.4s  bwd=11.0s
2026-07-02 14:01:58 | fold2 | INFO:   Batch 100/212 | loss=0.9548 | data=0.1s  fwd=14.8s  bwd=21.9s
2026-07-02 14:02:17 | fold2 | INFO:   Batch 150/212 | loss=1.0352 | data=0.1s  fwd=22.2s  bwd=32.8s
2026-07-02 14:02:35 | fold2 | INFO:   Batch 200/212 | loss=1.0174 | data=0.1s  fwd=29.6s  bwd=43.6s
2026-07-02 14:02:50 | fold2 | INFO:   Epoch  17/30 | total=88s | data=0s  fwd=31s  bwd=46s  val=11s || train_loss=1.0590  train_MacF1=0.7205 | [val] MacF1=0.5340 | WtF1=0.6083 | WA=61.67% | UA=60.39%
2026-07-02 14:02:50 | fold2 | INFO:   No improvement. Patience: 5/5
2026-07-02 14:02:50 | fold2 | INFO:   Early stopping triggered at epoch 17.
2026-07-02 14:02:50 | fold2 | INFO: 
  Best validation MacF1: 0.5800 at epoch 12
2026-07-02 14:02:50 | fold2 | INFO:   Loading best checkpoint from: ./checkpoints\audio\fold2_best.pt
2026-07-02 14:03:11 | fold2 | INFO: 
  TEST RESULTS: [test] MacF1=0.5391 | WtF1=0.6507 | WA=65.99% | UA=55.70%
2026-07-02 14:03:11 | fold2 | INFO: 
              precision    recall  f1-score   support

       anger       0.64      0.82      0.72       137
        fear       0.00      0.00      0.00         9
         joy       0.60      0.79      0.68       327
     neutral       0.73      0.48      0.58       362
     sadness       0.73      0.70      0.72       197

    accuracy                           0.66      1032
   macro avg       0.54      0.56      0.54      1032
weighted avg       0.67      0.66      0.65      1032

2026-07-02 14:03:11 | fold2 | INFO:   Results saved to: ./outputs\audio
