2026-07-02 14:40:28 | fold4 | INFO: 
============================================================
2026-07-02 14:40:28 | fold4 | INFO: FOLD 4 | Model: audio
2026-07-02 14:40:28 | fold4 | INFO: ============================================================
2026-07-02 14:40:28 | fold4 | INFO:   Split sizes: train=3282 | val=1251 | test=1038
2026-07-02 14:40:28 | fold4 | INFO:   Class weights: [1.0831682682037354, 5.0, 0.7367003560066223, 0.6157598495483398, 0.9431034326553345]
2026-07-02 14:40:28 | fold4 | INFO:   Batches: train=206 | val=79 | test=65
2026-07-02 14:40:30 | fold4 | INFO:   Trainable params: 493,585 (0.52% of total)
2026-07-02 14:40:30 | fold4 | INFO:   AMP: enabled
2026-07-02 14:40:30 | fold4 | INFO: 
  Starting training for up to 30 epochs...
2026-07-02 14:40:59 | fold4 | INFO:   Batch 50/206 | loss=1.7483 | data=10.2s  fwd=7.6s  bwd=10.9s
2026-07-02 14:41:17 | fold4 | INFO:   Batch 100/206 | loss=1.5410 | data=10.2s  fwd=15.0s  bwd=21.8s
2026-07-02 14:41:35 | fold4 | INFO:   Batch 150/206 | loss=1.3694 | data=10.2s  fwd=22.4s  bwd=32.7s
2026-07-02 14:41:54 | fold4 | INFO:   Batch 200/206 | loss=1.4415 | data=10.2s  fwd=29.8s  bwd=43.7s
2026-07-02 14:42:18 | fold4 | INFO:   Epoch   1/30 | total=108s | data=10s  fwd=31s  bwd=45s  val=22s || train_loss=1.6443  train_MacF1=0.3373 | [val] MacF1=0.4525 | WtF1=0.5529 | WA=56.75% | UA=48.01%
2026-07-02 14:42:18 | fold4 | INFO:   New best checkpoint saved. Val MacF1=0.4525
2026-07-02 14:42:37 | fold4 | INFO:   Batch 50/206 | loss=1.1659 | data=0.0s  fwd=7.4s  bwd=10.9s
2026-07-02 14:42:55 | fold4 | INFO:   Batch 100/206 | loss=1.6949 | data=0.1s  fwd=14.8s  bwd=21.9s
2026-07-02 14:43:14 | fold4 | INFO:   Batch 150/206 | loss=1.6025 | data=0.1s  fwd=22.3s  bwd=32.9s
2026-07-02 14:43:32 | fold4 | INFO:   Batch 200/206 | loss=1.2992 | data=0.1s  fwd=29.7s  bwd=43.8s
2026-07-02 14:43:46 | fold4 | INFO:   Epoch   2/30 | total=87s | data=0s  fwd=30s  bwd=45s  val=12s || train_loss=1.3832  train_MacF1=0.4963 | [val] MacF1=0.3788 | WtF1=0.4516 | WA=47.24% | UA=46.31%
2026-07-02 14:43:46 | fold4 | INFO:   No improvement. Patience: 1/5
2026-07-02 14:44:04 | fold4 | INFO:   Batch 50/206 | loss=1.2255 | data=0.1s  fwd=7.4s  bwd=10.9s
2026-07-02 14:44:22 | fold4 | INFO:   Batch 100/206 | loss=1.2276 | data=0.1s  fwd=14.8s  bwd=21.9s
2026-07-02 14:44:41 | fold4 | INFO:   Batch 150/206 | loss=1.2233 | data=0.1s  fwd=22.2s  bwd=32.8s
2026-07-02 14:44:59 | fold4 | INFO:   Batch 200/206 | loss=1.3910 | data=0.1s  fwd=29.6s  bwd=43.7s
2026-07-02 14:45:13 | fold4 | INFO:   Epoch   3/30 | total=87s | data=0s  fwd=30s  bwd=45s  val=12s || train_loss=1.3344  train_MacF1=0.5269 | [val] MacF1=0.4651 | WtF1=0.5276 | WA=55.96% | UA=49.75%
2026-07-02 14:45:13 | fold4 | INFO:   New best checkpoint saved. Val MacF1=0.4651
2026-07-02 14:45:32 | fold4 | INFO:   Batch 50/206 | loss=1.3797 | data=0.0s  fwd=7.4s  bwd=11.0s
2026-07-02 14:45:50 | fold4 | INFO:   Batch 100/206 | loss=1.4145 | data=0.0s  fwd=14.8s  bwd=21.9s
2026-07-02 14:46:08 | fold4 | INFO:   Batch 150/206 | loss=1.1092 | data=0.1s  fwd=22.2s  bwd=32.9s
2026-07-02 14:46:27 | fold4 | INFO:   Batch 200/206 | loss=1.1448 | data=0.1s  fwd=29.7s  bwd=43.8s
2026-07-02 14:46:40 | fold4 | INFO:   Epoch   4/30 | total=87s | data=0s  fwd=30s  bwd=45s  val=12s || train_loss=1.2895  train_MacF1=0.5553 | [val] MacF1=0.4451 | WtF1=0.5518 | WA=54.52% | UA=49.17%
2026-07-02 14:46:40 | fold4 | INFO:   No improvement. Patience: 1/5
2026-07-02 14:46:59 | fold4 | INFO:   Batch 50/206 | loss=1.2258 | data=0.0s  fwd=7.4s  bwd=10.9s
2026-07-02 14:47:17 | fold4 | INFO:   Batch 100/206 | loss=1.0247 | data=0.1s  fwd=14.8s  bwd=21.9s
2026-07-02 14:47:36 | fold4 | INFO:   Batch 150/206 | loss=1.3723 | data=0.1s  fwd=22.2s  bwd=32.8s
2026-07-02 14:47:54 | fold4 | INFO:   Batch 200/206 | loss=1.1477 | data=0.1s  fwd=29.7s  bwd=43.8s
2026-07-02 14:48:08 | fold4 | INFO:   Epoch   5/30 | total=87s | data=0s  fwd=30s  bwd=45s  val=12s || train_loss=1.2458  train_MacF1=0.5960 | [val] MacF1=0.4273 | WtF1=0.4955 | WA=52.04% | UA=48.22%
2026-07-02 14:48:08 | fold4 | INFO:   No improvement. Patience: 2/5
2026-07-02 14:48:26 | fold4 | INFO:   Batch 50/206 | loss=1.4048 | data=0.0s  fwd=7.5s  bwd=11.0s
2026-07-02 14:48:45 | fold4 | INFO:   Batch 100/206 | loss=1.2442 | data=0.1s  fwd=14.9s  bwd=22.0s
2026-07-02 14:49:03 | fold4 | INFO:   Batch 150/206 | loss=1.0502 | data=0.1s  fwd=22.3s  bwd=32.9s
2026-07-02 14:49:21 | fold4 | INFO:   Batch 200/206 | loss=1.1088 | data=0.1s  fwd=29.6s  bwd=43.7s
2026-07-02 14:49:35 | fold4 | INFO:   Epoch   6/30 | total=87s | data=0s  fwd=30s  bwd=45s  val=12s || train_loss=1.2265  train_MacF1=0.6090 | [val] MacF1=0.4698 | WtF1=0.5845 | WA=58.59% | UA=49.85%
2026-07-02 14:49:35 | fold4 | INFO:   New best checkpoint saved. Val MacF1=0.4698
2026-07-02 14:49:53 | fold4 | INFO:   Batch 50/206 | loss=1.1244 | data=0.0s  fwd=7.3s  bwd=10.9s
2026-07-02 14:50:12 | fold4 | INFO:   Batch 100/206 | loss=1.0699 | data=0.1s  fwd=14.8s  bwd=21.8s
2026-07-02 14:50:30 | fold4 | INFO:   Batch 150/206 | loss=1.0530 | data=0.1s  fwd=22.2s  bwd=32.8s
2026-07-02 14:50:49 | fold4 | INFO:   Batch 200/206 | loss=1.0513 | data=0.1s  fwd=29.7s  bwd=43.8s
2026-07-02 14:51:02 | fold4 | INFO:   Epoch   7/30 | total=87s | data=0s  fwd=30s  bwd=45s  val=12s || train_loss=1.1892  train_MacF1=0.6618 | [val] MacF1=0.4494 | WtF1=0.5529 | WA=56.59% | UA=49.44%
2026-07-02 14:51:02 | fold4 | INFO:   No improvement. Patience: 1/5
2026-07-02 14:51:21 | fold4 | INFO:   Batch 50/206 | loss=1.2396 | data=0.1s  fwd=7.4s  bwd=11.0s
2026-07-02 14:51:39 | fold4 | INFO:   Batch 100/206 | loss=1.2217 | data=0.1s  fwd=14.8s  bwd=21.8s
2026-07-02 14:51:58 | fold4 | INFO:   Batch 150/206 | loss=1.0744 | data=0.1s  fwd=22.3s  bwd=32.9s
2026-07-02 14:52:16 | fold4 | INFO:   Batch 200/206 | loss=1.1958 | data=0.1s  fwd=29.7s  bwd=43.8s
2026-07-02 14:52:30 | fold4 | INFO:   Epoch   8/30 | total=87s | data=0s  fwd=30s  bwd=45s  val=12s || train_loss=1.1698  train_MacF1=0.6416 | [val] MacF1=0.3978 | WtF1=0.4703 | WA=51.40% | UA=42.35%
2026-07-02 14:52:30 | fold4 | INFO:   No improvement. Patience: 2/5
2026-07-02 14:52:48 | fold4 | INFO:   Batch 50/206 | loss=1.0141 | data=0.1s  fwd=7.4s  bwd=10.9s
2026-07-02 14:53:06 | fold4 | INFO:   Batch 100/206 | loss=1.1069 | data=0.1s  fwd=14.8s  bwd=21.8s
2026-07-02 14:53:25 | fold4 | INFO:   Batch 150/206 | loss=1.1265 | data=0.1s  fwd=22.2s  bwd=32.8s
2026-07-02 14:53:43 | fold4 | INFO:   Batch 200/206 | loss=1.3175 | data=0.1s  fwd=29.6s  bwd=43.8s
2026-07-02 14:53:57 | fold4 | INFO:   Epoch   9/30 | total=87s | data=0s  fwd=30s  bwd=45s  val=12s || train_loss=1.1680  train_MacF1=0.6579 | [val] MacF1=0.5100 | WtF1=0.6341 | WA=63.55% | UA=52.73%
2026-07-02 14:53:57 | fold4 | INFO:   New best checkpoint saved. Val MacF1=0.5100
2026-07-02 14:54:16 | fold4 | INFO:   Batch 50/206 | loss=1.1924 | data=0.0s  fwd=7.4s  bwd=10.9s
2026-07-02 14:54:34 | fold4 | INFO:   Batch 100/206 | loss=1.5722 | data=0.1s  fwd=14.8s  bwd=21.9s
2026-07-02 14:54:52 | fold4 | INFO:   Batch 150/206 | loss=1.0214 | data=0.1s  fwd=22.2s  bwd=32.8s
2026-07-02 14:55:11 | fold4 | INFO:   Batch 200/206 | loss=1.1220 | data=0.1s  fwd=29.6s  bwd=43.8s
2026-07-02 14:55:24 | fold4 | INFO:   Epoch  10/30 | total=87s | data=0s  fwd=30s  bwd=45s  val=12s || train_loss=1.1392  train_MacF1=0.6761 | [val] MacF1=0.4830 | WtF1=0.5613 | WA=58.11% | UA=51.68%
2026-07-02 14:55:24 | fold4 | INFO:   No improvement. Patience: 1/5
2026-07-02 14:55:43 | fold4 | INFO:   Batch 50/206 | loss=0.9656 | data=0.0s  fwd=7.4s  bwd=11.0s
2026-07-02 14:56:01 | fold4 | INFO:   Batch 100/206 | loss=1.0652 | data=0.1s  fwd=14.8s  bwd=21.9s
2026-07-02 14:56:20 | fold4 | INFO:   Batch 150/206 | loss=1.1036 | data=0.1s  fwd=22.2s  bwd=32.9s
2026-07-02 14:56:38 | fold4 | INFO:   Batch 200/206 | loss=0.8541 | data=0.1s  fwd=29.6s  bwd=43.8s
2026-07-02 14:56:51 | fold4 | INFO:   Epoch  11/30 | total=87s | data=0s  fwd=30s  bwd=45s  val=12s || train_loss=1.1303  train_MacF1=0.6939 | [val] MacF1=0.4974 | WtF1=0.5996 | WA=59.79% | UA=54.68%
2026-07-02 14:56:51 | fold4 | INFO:   No improvement. Patience: 2/5
2026-07-02 14:57:10 | fold4 | INFO:   Batch 50/206 | loss=1.0801 | data=0.0s  fwd=7.4s  bwd=10.9s
2026-07-02 14:57:28 | fold4 | INFO:   Batch 100/206 | loss=0.9334 | data=0.1s  fwd=14.7s  bwd=21.7s
2026-07-02 14:57:46 | fold4 | INFO:   Batch 150/206 | loss=0.9727 | data=0.1s  fwd=22.1s  bwd=32.7s
2026-07-02 14:58:05 | fold4 | INFO:   Batch 200/206 | loss=0.9592 | data=0.1s  fwd=29.5s  bwd=43.6s
2026-07-02 14:58:18 | fold4 | INFO:   Epoch  12/30 | total=87s | data=0s  fwd=30s  bwd=45s  val=12s || train_loss=1.1185  train_MacF1=0.7051 | [val] MacF1=0.4923 | WtF1=0.5980 | WA=59.47% | UA=53.81%
2026-07-02 14:58:18 | fold4 | INFO:   No improvement. Patience: 3/5
2026-07-02 14:58:37 | fold4 | INFO:   Batch 50/206 | loss=1.1917 | data=0.1s  fwd=7.4s  bwd=11.0s
2026-07-02 14:58:55 | fold4 | INFO:   Batch 100/206 | loss=1.2318 | data=0.1s  fwd=14.8s  bwd=21.8s
2026-07-02 14:59:13 | fold4 | INFO:   Batch 150/206 | loss=1.1884 | data=0.1s  fwd=22.2s  bwd=32.8s
2026-07-02 14:59:32 | fold4 | INFO:   Batch 200/206 | loss=1.2129 | data=0.1s  fwd=29.7s  bwd=43.8s
2026-07-02 14:59:46 | fold4 | INFO:   Epoch  13/30 | total=87s | data=0s  fwd=30s  bwd=45s  val=12s || train_loss=1.1152  train_MacF1=0.6788 | [val] MacF1=0.4781 | WtF1=0.5622 | WA=57.79% | UA=52.24%
2026-07-02 14:59:46 | fold4 | INFO:   No improvement. Patience: 4/5
2026-07-02 15:00:04 | fold4 | INFO:   Batch 50/206 | loss=1.1499 | data=0.0s  fwd=7.4s  bwd=10.9s
2026-07-02 15:00:22 | fold4 | INFO:   Batch 100/206 | loss=0.8534 | data=0.1s  fwd=14.8s  bwd=21.9s
2026-07-02 15:00:41 | fold4 | INFO:   Batch 150/206 | loss=0.9364 | data=0.1s  fwd=22.2s  bwd=32.8s
2026-07-02 15:00:59 | fold4 | INFO:   Batch 200/206 | loss=1.2603 | data=0.1s  fwd=29.6s  bwd=43.7s
2026-07-02 15:01:13 | fold4 | INFO:   Epoch  14/30 | total=87s | data=0s  fwd=30s  bwd=45s  val=12s || train_loss=1.0848  train_MacF1=0.7199 | [val] MacF1=0.5005 | WtF1=0.6162 | WA=62.27% | UA=51.66%
2026-07-02 15:01:13 | fold4 | INFO:   No improvement. Patience: 5/5
2026-07-02 15:01:13 | fold4 | INFO:   Early stopping triggered at epoch 14.
2026-07-02 15:01:13 | fold4 | INFO: 
  Best validation MacF1: 0.5100 at epoch 9
2026-07-02 15:01:13 | fold4 | INFO:   Loading best checkpoint from: ./checkpoints\audio\fold4_best.pt
2026-07-02 15:01:33 | fold4 | INFO: 
  TEST RESULTS: [test] MacF1=0.4969 | WtF1=0.6236 | WA=63.49% | UA=49.05%
2026-07-02 15:01:33 | fold4 | INFO: 
              precision    recall  f1-score   support

       anger       0.62      0.92      0.74       327
        fear       0.00      0.00      0.00         7
         joy       0.67      0.53      0.59       303
     neutral       0.60      0.47      0.53       258
     sadness       0.75      0.53      0.62       143

    accuracy                           0.63      1038
   macro avg       0.53      0.49      0.50      1038
weighted avg       0.65      0.63      0.62      1038

2026-07-02 15:01:33 | fold4 | INFO:   Results saved to: ./outputs\audio
